/users/ziyzhang/miniconda3/envs/gt/lib/python3.12/site-packages/numpy/core/getlimits.py:549: UserWarning: The value of the smallest subnormal for <class 'numpy.float64'> type is zero.
  setattr(self, word, getattr(machar, word).flat[0])
/users/ziyzhang/miniconda3/envs/gt/lib/python3.12/site-packages/numpy/core/getlimits.py:89: UserWarning: The value of the smallest subnormal for <class 'numpy.float64'> type is zero.
  return self._float_to_str(self.smallest_subnormal)
/users/ziyzhang/miniconda3/envs/gt/lib/python3.12/site-packages/numpy/core/getlimits.py:549: UserWarning: The value of the smallest subnormal for <class 'numpy.float32'> type is zero.
  setattr(self, word, getattr(machar, word).flat[0])
/users/ziyzhang/miniconda3/envs/gt/lib/python3.12/site-packages/numpy/core/getlimits.py:89: UserWarning: The value of the smallest subnormal for <class 'numpy.float32'> type is zero.
  return self._float_to_str(self.smallest_subnormal)
Set parameter WLSAccessID
Set parameter WLSSecret
Set parameter LicenseID to value 2411299
Academic license 2411299 - for non-commercial use only - registered to zi___@ugent.be
Set parameter Threads to value 1
Optimal solution found
Set parameter WLSAccessID
Set parameter WLSSecret
Set parameter LicenseID to value 2411299
Academic license 2411299 - for non-commercial use only - registered to zi___@ugent.be
Set parameter Threads to value 1
Optimal solution found
Set parameter WLSAccessID
Set parameter WLSSecret
Set parameter LicenseID to value 2411299
Academic license 2411299 - for non-commercial use only - registered to zi___@ugent.be
Set parameter Threads to value 1
Optimal solution found
Set parameter WLSAccessID
Set parameter WLSSecret
Set parameter LicenseID to value 2411299
Academic license 2411299 - for non-commercial use only - registered to zi___@ugent.be
Set parameter Threads to value 1
Optimal solution found
Set parameter WLSAccessID
Set parameter WLSSecret
Set parameter LicenseID to value 2411299
Academic license 2411299 - for non-commercial use only - registered to zi___@ugent.be
Set parameter Threads to value 1
Optimal solution found
Set parameter WLSAccessID
Set parameter WLSSecret
Set parameter LicenseID to value 2411299
Academic license 2411299 - for non-commercial use only - registered to zi___@ugent.be
Set parameter Threads to value 1
Optimal solution found
Set parameter WLSAccessID
Set parameter WLSSecret
Set parameter LicenseID to value 2411299
Academic license 2411299 - for non-commercial use only - registered to zi___@ugent.be
Set parameter Threads to value 1
Optimal solution found
Set parameter WLSAccessID
Set parameter WLSSecret
Set parameter LicenseID to value 2411299
Academic license 2411299 - for non-commercial use only - registered to zi___@ugent.be
Set parameter Threads to value 1
Optimal solution found
Set parameter WLSAccessID
Set parameter WLSSecret
Set parameter LicenseID to value 2411299
Academic license 2411299 - for non-commercial use only - registered to zi___@ugent.be
Set parameter Threads to value 1
Optimal solution found
Set parameter WLSAccessID
Set parameter WLSSecret
Set parameter LicenseID to value 2411299
Academic license 2411299 - for non-commercial use only - registered to zi___@ugent.be
Set parameter Threads to value 1
Optimal solution found
Set parameter WLSAccessID
Set parameter WLSSecret
Set parameter LicenseID to value 2411299
Academic license 2411299 - for non-commercial use only - registered to zi___@ugent.be
Set parameter Threads to value 1
Optimal solution found
Set parameter WLSAccessID
Set parameter WLSSecret
Set parameter LicenseID to value 2411299
Academic license 2411299 - for non-commercial use only - registered to zi___@ugent.be
Set parameter Threads to value 1
Optimal solution found
Set parameter WLSAccessID
Set parameter WLSSecret
Set parameter LicenseID to value 2411299
Academic license 2411299 - for non-commercial use only - registered to zi___@ugent.be
Set parameter Threads to value 1
Optimal solution found
Set parameter WLSAccessID
Set parameter WLSSecret
Set parameter LicenseID to value 2411299
Academic license 2411299 - for non-commercial use only - registered to zi___@ugent.be
Set parameter Threads to value 1
Optimal solution found
Set parameter WLSAccessID
Set parameter WLSSecret
Set parameter LicenseID to value 2411299
Academic license 2411299 - for non-commercial use only - registered to zi___@ugent.be
Set parameter Threads to value 1
Optimal solution found
Set parameter WLSAccessID
Set parameter WLSSecret
Set parameter LicenseID to value 2411299
Academic license 2411299 - for non-commercial use only - registered to zi___@ugent.be
Set parameter Threads to value 1
Optimal solution found
Set parameter WLSAccessID
Set parameter WLSSecret
Set parameter LicenseID to value 2411299
Academic license 2411299 - for non-commercial use only - registered to zi___@ugent.be
Set parameter Threads to value 1
Optimal solution found
Set parameter WLSAccessID
Set parameter WLSSecret
Set parameter LicenseID to value 2411299
Academic license 2411299 - for non-commercial use only - registered to zi___@ugent.be
Set parameter Threads to value 1
Optimal solution found
Set parameter WLSAccessID
Set parameter WLSSecret
Set parameter LicenseID to value 2411299
Academic license 2411299 - for non-commercial use only - registered to zi___@ugent.be
Set parameter Threads to value 1
Optimal solution found
Set parameter WLSAccessID
Set parameter WLSSecret
Set parameter LicenseID to value 2411299
Academic license 2411299 - for non-commercial use only - registered to zi___@ugent.be
Set parameter Threads to value 1
Optimal solution found
Set parameter WLSAccessID
Set parameter WLSSecret
Set parameter LicenseID to value 2411299
Academic license 2411299 - for non-commercial use only - registered to zi___@ugent.be
Set parameter Threads to value 1
Optimal solution found
Set parameter WLSAccessID
Set parameter WLSSecret
Set parameter LicenseID to value 2411299
Academic license 2411299 - for non-commercial use only - registered to zi___@ugent.be
Set parameter Threads to value 1
Optimal solution found
Set parameter WLSAccessID
Set parameter WLSSecret
Set parameter LicenseID to value 2411299
Academic license 2411299 - for non-commercial use only - registered to zi___@ugent.be
Set parameter Threads to value 1
Optimal solution found
Set parameter WLSAccessID
Set parameter WLSSecret
Set parameter LicenseID to value 2411299
Academic license 2411299 - for non-commercial use only - registered to zi___@ugent.be
Set parameter Threads to value 1
Optimal solution found
Set parameter WLSAccessID
Set parameter WLSSecret
Set parameter LicenseID to value 2411299
Academic license 2411299 - for non-commercial use only - registered to zi___@ugent.be
Set parameter Threads to value 1
Optimal solution found
Set parameter WLSAccessID
Set parameter WLSSecret
Set parameter LicenseID to value 2411299
Academic license 2411299 - for non-commercial use only - registered to zi___@ugent.be
Set parameter Threads to value 1
Optimal solution found
Set parameter WLSAccessID
Set parameter WLSSecret
Set parameter LicenseID to value 2411299
Academic license 2411299 - for non-commercial use only - registered to zi___@ugent.be
Set parameter Threads to value 1
Optimal solution found
Set parameter WLSAccessID
Set parameter WLSSecret
Set parameter LicenseID to value 2411299
Academic license 2411299 - for non-commercial use only - registered to zi___@ugent.be
Set parameter Threads to value 1
Optimal solution found
Set parameter WLSAccessID
Set parameter WLSSecret
Set parameter LicenseID to value 2411299
Academic license 2411299 - for non-commercial use only - registered to zi___@ugent.be
Set parameter Threads to value 1
Optimal solution found
Set parameter WLSAccessID
Set parameter WLSSecret
Set parameter LicenseID to value 2411299
Academic license 2411299 - for non-commercial use only - registered to zi___@ugent.be
Set parameter Threads to value 1
Optimal solution found
Set parameter WLSAccessID
Set parameter WLSSecret
Set parameter LicenseID to value 2411299
Academic license 2411299 - for non-commercial use only - registered to zi___@ugent.be
Set parameter Threads to value 1
Optimal solution found
Set parameter WLSAccessID
Set parameter WLSSecret
Set parameter LicenseID to value 2411299
Academic license 2411299 - for non-commercial use only - registered to zi___@ugent.be
Set parameter Threads to value 1
Optimal solution found
Set parameter WLSAccessID
Set parameter WLSSecret
Set parameter LicenseID to value 2411299
Academic license 2411299 - for non-commercial use only - registered to zi___@ugent.be
Set parameter Threads to value 1
Optimal solution found
Set parameter WLSAccessID
Set parameter WLSSecret
Set parameter LicenseID to value 2411299
Academic license 2411299 - for non-commercial use only - registered to zi___@ugent.be
Set parameter Threads to value 1
Optimal solution found
Set parameter WLSAccessID
Set parameter WLSSecret
Set parameter LicenseID to value 2411299
Academic license 2411299 - for non-commercial use only - registered to zi___@ugent.be
Set parameter Threads to value 1
Optimal solution found
Set parameter WLSAccessID
Set parameter WLSSecret
Set parameter LicenseID to value 2411299
Academic license 2411299 - for non-commercial use only - registered to zi___@ugent.be
Set parameter Threads to value 1
Optimal solution found
Set parameter WLSAccessID
Set parameter WLSSecret
Set parameter LicenseID to value 2411299
Academic license 2411299 - for non-commercial use only - registered to zi___@ugent.be
Set parameter Threads to value 1
Optimal solution found
Set parameter WLSAccessID
Set parameter WLSSecret
Set parameter LicenseID to value 2411299
Academic license 2411299 - for non-commercial use only - registered to zi___@ugent.be
Set parameter Threads to value 1
Optimal solution found
Set parameter WLSAccessID
Set parameter WLSSecret
Set parameter LicenseID to value 2411299
Academic license 2411299 - for non-commercial use only - registered to zi___@ugent.be
Set parameter Threads to value 1
Optimal solution found
Set parameter WLSAccessID
Set parameter WLSSecret
Set parameter LicenseID to value 2411299
Academic license 2411299 - for non-commercial use only - registered to zi___@ugent.be
Set parameter Threads to value 1
Optimal solution found
Set parameter WLSAccessID
Set parameter WLSSecret
Set parameter LicenseID to value 2411299
Academic license 2411299 - for non-commercial use only - registered to zi___@ugent.be
Set parameter Threads to value 1
Optimal solution found
Set parameter WLSAccessID
Set parameter WLSSecret
Set parameter LicenseID to value 2411299
Academic license 2411299 - for non-commercial use only - registered to zi___@ugent.be
Set parameter Threads to value 1
Optimal solution found
Set parameter WLSAccessID
Set parameter WLSSecret
Set parameter LicenseID to value 2411299
Academic license 2411299 - for non-commercial use only - registered to zi___@ugent.be
Set parameter Threads to value 1
Optimal solution found
Set parameter WLSAccessID
Set parameter WLSSecret
Set parameter LicenseID to value 2411299
Academic license 2411299 - for non-commercial use only - registered to zi___@ugent.be
Set parameter Threads to value 1
Optimal solution found
Set parameter WLSAccessID
Set parameter WLSSecret
Set parameter LicenseID to value 2411299
Academic license 2411299 - for non-commercial use only - registered to zi___@ugent.be
Set parameter Threads to value 1
Optimal solution found
Set parameter WLSAccessID
Set parameter WLSSecret
Set parameter LicenseID to value 2411299
Academic license 2411299 - for non-commercial use only - registered to zi___@ugent.be
Set parameter Threads to value 1
Optimal solution found
Set parameter WLSAccessID
Set parameter WLSSecret
Set parameter LicenseID to value 2411299
Academic license 2411299 - for non-commercial use only - registered to zi___@ugent.be
Set parameter Threads to value 1
Optimal solution found
Set parameter WLSAccessID
Set parameter WLSSecret
Set parameter LicenseID to value 2411299
Academic license 2411299 - for non-commercial use only - registered to zi___@ugent.be
Set parameter Threads to value 1
Optimal solution found
Set parameter WLSAccessID
Set parameter WLSSecret
Set parameter LicenseID to value 2411299
Academic license 2411299 - for non-commercial use only - registered to zi___@ugent.be
Set parameter Threads to value 1
Optimal solution found
Set parameter WLSAccessID
Set parameter WLSSecret
Set parameter LicenseID to value 2411299
Academic license 2411299 - for non-commercial use only - registered to zi___@ugent.be
Set parameter Threads to value 1
Optimal solution found
Set parameter WLSAccessID
Set parameter WLSSecret
Set parameter LicenseID to value 2411299
Academic license 2411299 - for non-commercial use only - registered to zi___@ugent.be
Set parameter Threads to value 1
Optimal solution found
Set parameter WLSAccessID
Set parameter WLSSecret
Set parameter LicenseID to value 2411299
Academic license 2411299 - for non-commercial use only - registered to zi___@ugent.be
Set parameter Threads to value 1
Optimal solution found
Set parameter WLSAccessID
Set parameter WLSSecret
Set parameter LicenseID to value 2411299
Academic license 2411299 - for non-commercial use only - registered to zi___@ugent.be
Set parameter Threads to value 1
Optimal solution found
Set parameter WLSAccessID
Set parameter WLSSecret
Set parameter LicenseID to value 2411299
Academic license 2411299 - for non-commercial use only - registered to zi___@ugent.be
Set parameter Threads to value 1
Optimal solution found
Set parameter WLSAccessID
Set parameter WLSSecret
Set parameter LicenseID to value 2411299
Academic license 2411299 - for non-commercial use only - registered to zi___@ugent.be
Set parameter Threads to value 1
Optimal solution found
Set parameter WLSAccessID
Set parameter WLSSecret
Set parameter LicenseID to value 2411299
Academic license 2411299 - for non-commercial use only - registered to zi___@ugent.be
Set parameter Threads to value 1
Optimal solution found
Set parameter WLSAccessID
Set parameter WLSSecret
Set parameter LicenseID to value 2411299
Academic license 2411299 - for non-commercial use only - registered to zi___@ugent.be
Set parameter Threads to value 1
Optimal solution found
Set parameter WLSAccessID
Set parameter WLSSecret
Set parameter LicenseID to value 2411299
Academic license 2411299 - for non-commercial use only - registered to zi___@ugent.be
Set parameter Threads to value 1
Optimal solution found
Set parameter WLSAccessID
Set parameter WLSSecret
Set parameter LicenseID to value 2411299
Academic license 2411299 - for non-commercial use only - registered to zi___@ugent.be
Set parameter Threads to value 1
Optimal solution found
Set parameter WLSAccessID
Set parameter WLSSecret
Set parameter LicenseID to value 2411299
Academic license 2411299 - for non-commercial use only - registered to zi___@ugent.be
Set parameter Threads to value 1
Optimal solution found
Set parameter WLSAccessID
Set parameter WLSSecret
Set parameter LicenseID to value 2411299
Academic license 2411299 - for non-commercial use only - registered to zi___@ugent.be
Set parameter Threads to value 1
Optimal solution found
Set parameter WLSAccessID
Set parameter WLSSecret
Set parameter LicenseID to value 2411299
Academic license 2411299 - for non-commercial use only - registered to zi___@ugent.be
Set parameter Threads to value 1
Optimal solution found
Set parameter WLSAccessID
Set parameter WLSSecret
Set parameter LicenseID to value 2411299
Academic license 2411299 - for non-commercial use only - registered to zi___@ugent.be
Set parameter Threads to value 1
Optimal solution found
Set parameter WLSAccessID
Set parameter WLSSecret
Set parameter LicenseID to value 2411299
Academic license 2411299 - for non-commercial use only - registered to zi___@ugent.be
Set parameter Threads to value 1
Optimal solution found
Set parameter WLSAccessID
Set parameter WLSSecret
Set parameter LicenseID to value 2411299
Academic license 2411299 - for non-commercial use only - registered to zi___@ugent.be
Set parameter Threads to value 1
Optimal solution found
Set parameter WLSAccessID
Set parameter WLSSecret
Set parameter LicenseID to value 2411299
Academic license 2411299 - for non-commercial use only - registered to zi___@ugent.be
Set parameter Threads to value 1
Optimal solution found
Set parameter WLSAccessID
Set parameter WLSSecret
Set parameter LicenseID to value 2411299
Academic license 2411299 - for non-commercial use only - registered to zi___@ugent.be
Set parameter Threads to value 1
Optimal solution found
Set parameter WLSAccessID
Set parameter WLSSecret
Set parameter LicenseID to value 2411299
Academic license 2411299 - for non-commercial use only - registered to zi___@ugent.be
Set parameter Threads to value 1
Optimal solution found
Set parameter WLSAccessID
Set parameter WLSSecret
Set parameter LicenseID to value 2411299
Academic license 2411299 - for non-commercial use only - registered to zi___@ugent.be
Set parameter Threads to value 1
Optimal solution found
Set parameter WLSAccessID
Set parameter WLSSecret
Set parameter LicenseID to value 2411299
Academic license 2411299 - for non-commercial use only - registered to zi___@ugent.be
Set parameter Threads to value 1
Optimal solution found
Set parameter WLSAccessID
Set parameter WLSSecret
Set parameter LicenseID to value 2411299
Academic license 2411299 - for non-commercial use only - registered to zi___@ugent.be
Set parameter Threads to value 1
Optimal solution found
Set parameter WLSAccessID
Set parameter WLSSecret
Set parameter LicenseID to value 2411299
Academic license 2411299 - for non-commercial use only - registered to zi___@ugent.be
Set parameter Threads to value 1
Optimal solution found
Set parameter WLSAccessID
Set parameter WLSSecret
Set parameter LicenseID to value 2411299
Academic license 2411299 - for non-commercial use only - registered to zi___@ugent.be
Set parameter Threads to value 1
Optimal solution found
Set parameter WLSAccessID
Set parameter WLSSecret
Set parameter LicenseID to value 2411299
Academic license 2411299 - for non-commercial use only - registered to zi___@ugent.be
Set parameter Threads to value 1
Optimal solution found
Set parameter WLSAccessID
Set parameter WLSSecret
Set parameter LicenseID to value 2411299
Academic license 2411299 - for non-commercial use only - registered to zi___@ugent.be
Set parameter Threads to value 1
Optimal solution found
Set parameter WLSAccessID
Set parameter WLSSecret
Set parameter LicenseID to value 2411299
Academic license 2411299 - for non-commercial use only - registered to zi___@ugent.be
Set parameter Threads to value 1
Optimal solution found
Set parameter WLSAccessID
Set parameter WLSSecret
Set parameter LicenseID to value 2411299
Academic license 2411299 - for non-commercial use only - registered to zi___@ugent.be
Set parameter Threads to value 1
Optimal solution found
Set parameter WLSAccessID
Set parameter WLSSecret
Set parameter LicenseID to value 2411299
Academic license 2411299 - for non-commercial use only - registered to zi___@ugent.be
Set parameter Threads to value 1
Optimal solution found
Set parameter WLSAccessID
Set parameter WLSSecret
Set parameter LicenseID to value 2411299
Academic license 2411299 - for non-commercial use only - registered to zi___@ugent.be
Set parameter Threads to value 1
Optimal solution found
Set parameter WLSAccessID
Set parameter WLSSecret
Set parameter LicenseID to value 2411299
Academic license 2411299 - for non-commercial use only - registered to zi___@ugent.be
Set parameter Threads to value 1
Optimal solution found
Set parameter WLSAccessID
Set parameter WLSSecret
Set parameter LicenseID to value 2411299
Academic license 2411299 - for non-commercial use only - registered to zi___@ugent.be
Set parameter Threads to value 1
Optimal solution found
Set parameter WLSAccessID
Set parameter WLSSecret
Set parameter LicenseID to value 2411299
Academic license 2411299 - for non-commercial use only - registered to zi___@ugent.be
Set parameter Threads to value 1
Optimal solution found
Set parameter WLSAccessID
Set parameter WLSSecret
Set parameter LicenseID to value 2411299
Academic license 2411299 - for non-commercial use only - registered to zi___@ugent.be
Set parameter Threads to value 1
Optimal solution found
Set parameter WLSAccessID
Set parameter WLSSecret
Set parameter LicenseID to value 2411299
Academic license 2411299 - for non-commercial use only - registered to zi___@ugent.be
Set parameter Threads to value 1
Optimal solution found
Set parameter WLSAccessID
Set parameter WLSSecret
Set parameter LicenseID to value 2411299
Academic license 2411299 - for non-commercial use only - registered to zi___@ugent.be
Set parameter Threads to value 1
Optimal solution found
Set parameter WLSAccessID
Set parameter WLSSecret
Set parameter LicenseID to value 2411299
Academic license 2411299 - for non-commercial use only - registered to zi___@ugent.be
Set parameter Threads to value 1
Optimal solution found
Set parameter WLSAccessID
Set parameter WLSSecret
Set parameter LicenseID to value 2411299
Academic license 2411299 - for non-commercial use only - registered to zi___@ugent.be
Set parameter Threads to value 1
Optimal solution found
Set parameter WLSAccessID
Set parameter WLSSecret
Set parameter LicenseID to value 2411299
Academic license 2411299 - for non-commercial use only - registered to zi___@ugent.be
Set parameter Threads to value 1
Optimal solution found
Set parameter WLSAccessID
Set parameter WLSSecret
Set parameter LicenseID to value 2411299
Academic license 2411299 - for non-commercial use only - registered to zi___@ugent.be
Set parameter Threads to value 1
Optimal solution found
Set parameter WLSAccessID
Set parameter WLSSecret
Set parameter LicenseID to value 2411299
Academic license 2411299 - for non-commercial use only - registered to zi___@ugent.be
Set parameter Threads to value 1
Optimal solution found
Set parameter WLSAccessID
Set parameter WLSSecret
Set parameter LicenseID to value 2411299
Academic license 2411299 - for non-commercial use only - registered to zi___@ugent.be
Set parameter Threads to value 1
Optimal solution found
Set parameter WLSAccessID
Set parameter WLSSecret
Set parameter LicenseID to value 2411299
Academic license 2411299 - for non-commercial use only - registered to zi___@ugent.be
Set parameter Threads to value 1
Optimal solution found
Set parameter WLSAccessID
Set parameter WLSSecret
Set parameter LicenseID to value 2411299
Academic license 2411299 - for non-commercial use only - registered to zi___@ugent.be
Set parameter Threads to value 1
Optimal solution found
Set parameter WLSAccessID
Set parameter WLSSecret
Set parameter LicenseID to value 2411299
Academic license 2411299 - for non-commercial use only - registered to zi___@ugent.be
Set parameter Threads to value 1
Optimal solution found
Set parameter WLSAccessID
Set parameter WLSSecret
Set parameter LicenseID to value 2411299
Academic license 2411299 - for non-commercial use only - registered to zi___@ugent.be
Set parameter Threads to value 1
Optimal solution found
Set parameter WLSAccessID
Set parameter WLSSecret
Set parameter LicenseID to value 2411299
Academic license 2411299 - for non-commercial use only - registered to zi___@ugent.be
Set parameter Threads to value 1
Optimal solution found
Set parameter WLSAccessID
Set parameter WLSSecret
Set parameter LicenseID to value 2411299
Academic license 2411299 - for non-commercial use only - registered to zi___@ugent.be
Set parameter Threads to value 1
Optimal solution found
Set parameter WLSAccessID
Set parameter WLSSecret
Set parameter LicenseID to value 2411299
Academic license 2411299 - for non-commercial use only - registered to zi___@ugent.be
Set parameter Threads to value 1
Optimal solution found
Set parameter WLSAccessID
Set parameter WLSSecret
Set parameter LicenseID to value 2411299
Academic license 2411299 - for non-commercial use only - registered to zi___@ugent.be
Set parameter Threads to value 1
Optimal solution found
Set parameter WLSAccessID
Set parameter WLSSecret
Set parameter LicenseID to value 2411299
Academic license 2411299 - for non-commercial use only - registered to zi___@ugent.be
Set parameter Threads to value 1
Optimal solution found
Set parameter WLSAccessID
Set parameter WLSSecret
Set parameter LicenseID to value 2411299
Academic license 2411299 - for non-commercial use only - registered to zi___@ugent.be
Set parameter Threads to value 1
Optimal solution found
Set parameter WLSAccessID
Set parameter WLSSecret
Set parameter LicenseID to value 2411299
Academic license 2411299 - for non-commercial use only - registered to zi___@ugent.be
Set parameter Threads to value 1
Optimal solution found
Set parameter WLSAccessID
Set parameter WLSSecret
Set parameter LicenseID to value 2411299
Academic license 2411299 - for non-commercial use only - registered to zi___@ugent.be
Set parameter Threads to value 1
Optimal solution found
Set parameter WLSAccessID
Set parameter WLSSecret
Set parameter LicenseID to value 2411299
Academic license 2411299 - for non-commercial use only - registered to zi___@ugent.be
Set parameter Threads to value 1
Optimal solution found
Set parameter WLSAccessID
Set parameter WLSSecret
Set parameter LicenseID to value 2411299
Academic license 2411299 - for non-commercial use only - registered to zi___@ugent.be
Set parameter Threads to value 1
Optimal solution found
Set parameter WLSAccessID
Set parameter WLSSecret
Set parameter LicenseID to value 2411299
Academic license 2411299 - for non-commercial use only - registered to zi___@ugent.be
Set parameter Threads to value 1
Optimal solution found
Set parameter WLSAccessID
Set parameter WLSSecret
Set parameter LicenseID to value 2411299
Academic license 2411299 - for non-commercial use only - registered to zi___@ugent.be
Set parameter Threads to value 1
Optimal solution found
Set parameter WLSAccessID
Set parameter WLSSecret
Set parameter LicenseID to value 2411299
Academic license 2411299 - for non-commercial use only - registered to zi___@ugent.be
Set parameter Threads to value 1
Optimal solution found
Set parameter WLSAccessID
Set parameter WLSSecret
Set parameter LicenseID to value 2411299
Academic license 2411299 - for non-commercial use only - registered to zi___@ugent.be
Set parameter Threads to value 1
Optimal solution found
Set parameter WLSAccessID
Set parameter WLSSecret
Set parameter LicenseID to value 2411299
Academic license 2411299 - for non-commercial use only - registered to zi___@ugent.be
Set parameter Threads to value 1
Optimal solution found
Set parameter WLSAccessID
Set parameter WLSSecret
Set parameter LicenseID to value 2411299
Academic license 2411299 - for non-commercial use only - registered to zi___@ugent.be
Set parameter Threads to value 1
Optimal solution found
Objective function := the harmonic mean of network data throughout under demand matrices
ECMP_ASP objective function: 1.333056478405317
Nexullance_MP_APST4 objective function: 4.187840438270549
Nexullance_IT objective function: 3.660204122901918
MD_Nexullance_MP_APST4 objective function: 4.099049188174939
MD_Nexullance_IT objective function: 3.4531492982353686
Nexullance_MP_APST4_uniform objective function: 1.1582838283828376
Nexullance_MP_APST4_shift_1 objective function: 0.91688089117395
Nexullance_MP_APST4_halfshift objective function: 0.9238074681631768
