/users/ziyzhang/miniconda3/envs/gt/lib/python3.12/site-packages/numpy/core/getlimits.py:549: UserWarning: The value of the smallest subnormal for <class 'numpy.float64'> type is zero.
  setattr(self, word, getattr(machar, word).flat[0])
/users/ziyzhang/miniconda3/envs/gt/lib/python3.12/site-packages/numpy/core/getlimits.py:89: UserWarning: The value of the smallest subnormal for <class 'numpy.float64'> type is zero.
  return self._float_to_str(self.smallest_subnormal)
/users/ziyzhang/miniconda3/envs/gt/lib/python3.12/site-packages/numpy/core/getlimits.py:549: UserWarning: The value of the smallest subnormal for <class 'numpy.float32'> type is zero.
  setattr(self, word, getattr(machar, word).flat[0])
/users/ziyzhang/miniconda3/envs/gt/lib/python3.12/site-packages/numpy/core/getlimits.py:89: UserWarning: The value of the smallest subnormal for <class 'numpy.float32'> type is zero.
  return self._float_to_str(self.smallest_subnormal)
Set parameter WLSAccessID
Set parameter WLSSecret
Set parameter LicenseID to value 2411299
Academic license 2411299 - for non-commercial use only - registered to zi___@ugent.be
Set parameter Threads to value 1
Optimal solution found
Set parameter WLSAccessID
Set parameter WLSSecret
Set parameter LicenseID to value 2411299
Academic license 2411299 - for non-commercial use only - registered to zi___@ugent.be
Set parameter Threads to value 1
Optimal solution found
Set parameter WLSAccessID
Set parameter WLSSecret
Set parameter LicenseID to value 2411299
Academic license 2411299 - for non-commercial use only - registered to zi___@ugent.be
Set parameter Threads to value 1
Optimal solution found
Set parameter WLSAccessID
Set parameter WLSSecret
Set parameter LicenseID to value 2411299
Academic license 2411299 - for non-commercial use only - registered to zi___@ugent.be
Set parameter Threads to value 1
Optimal solution found
Set parameter WLSAccessID
Set parameter WLSSecret
Set parameter LicenseID to value 2411299
Academic license 2411299 - for non-commercial use only - registered to zi___@ugent.be
Set parameter Threads to value 1
Optimal solution found
Set parameter WLSAccessID
Set parameter WLSSecret
Set parameter LicenseID to value 2411299
Academic license 2411299 - for non-commercial use only - registered to zi___@ugent.be
Set parameter Threads to value 1
Optimal solution found
Set parameter WLSAccessID
Set parameter WLSSecret
Set parameter LicenseID to value 2411299
Academic license 2411299 - for non-commercial use only - registered to zi___@ugent.be
Set parameter Threads to value 1
Optimal solution found
Objective function := the harmonic mean of network data throughout under demand matrices
ECMP_ASP objective function: 3.017626321974148
Nexullance_MP_APST4 objective function: 6.131233840348465
Nexullance_IT objective function: 5.281504288941169
MD_Nexullance_MP_APST4 objective function: 6.102766859019936
MD_Nexullance_IT objective function: 5.341097072893005
Nexullance_MP_APST4_uniform objective function: 2.8011067361923976
Nexullance_MP_APST4_shift_1 objective function: 1.4704535043518092
Nexullance_MP_APST4_halfshift objective function: 2.3277737490935393
